
Memory Configuration

Name             Origin             Length             Attributes
flash            0x0000000008000000 0x0000000000020000 xr
sram             0x0000000020000000 0x0000000000005000 xrw
*default*        0x0000000000000000 0xffffffffffffffff

Linker script and memory map


.text           0x0000000008000000       0xd4
 *(.vectors*)
 .vectors       0x0000000008000000       0x50 startup.o
 *(.text*)
 .text          0x0000000008000050       0x7c main.o
                0x0000000008000050                main
 .text          0x00000000080000cc        0x8 startup.o

.data           0x00000000080000d4        0x4
 .data          0x00000000080000d4        0x4 main.o
                0x00000000080000d4                R_ODR
 .data          0x00000000080000d8        0x0 startup.o

.igot.plt       0x00000000080000d8        0x0
 .igot.plt      0x00000000080000d8        0x0 main.o

.glue_7         0x00000000080000d8        0x0
 .glue_7        0x00000000080000d8        0x0 linker stubs

.glue_7t        0x00000000080000d8        0x0
 .glue_7t       0x00000000080000d8        0x0 linker stubs

.vfp11_veneer   0x00000000080000d8        0x0
 .vfp11_veneer  0x00000000080000d8        0x0 linker stubs

.v4_bx          0x00000000080000d8        0x0
 .v4_bx         0x00000000080000d8        0x0 linker stubs

.iplt           0x00000000080000d8        0x0
 .iplt          0x00000000080000d8        0x0 main.o

.rel.dyn        0x00000000080000d8        0x0
 .rel.iplt      0x00000000080000d8        0x0 main.o

.bss            0x0000000020000000        0x0
 *(.bss*)
 .bss           0x0000000020000000        0x0 main.o
 .bss           0x0000000020000000        0x0 startup.o
LOAD main.o
LOAD startup.o
OUTPUT(3.elf elf32-littlearm)
LOAD linker stubs

.debug_info     0x0000000000000000      0x169
 .debug_info    0x0000000000000000      0x143 main.o
 .debug_info    0x0000000000000143       0x26 startup.o

.debug_abbrev   0x0000000000000000       0xf5
 .debug_abbrev  0x0000000000000000       0xe1 main.o
 .debug_abbrev  0x00000000000000e1       0x14 startup.o

.debug_loc      0x0000000000000000       0x38
 .debug_loc     0x0000000000000000       0x38 main.o

.debug_aranges  0x0000000000000000       0x40
 .debug_aranges
                0x0000000000000000       0x20 main.o
 .debug_aranges
                0x0000000000000020       0x20 startup.o

.debug_line     0x0000000000000000       0xc5
 .debug_line    0x0000000000000000       0x8a main.o
 .debug_line    0x000000000000008a       0x3b startup.o

.debug_str      0x0000000000000000      0x132
 .debug_str     0x0000000000000000      0x11c main.o
                                        0x13e (size before relaxing)
 .debug_str     0x000000000000011c       0x16 startup.o
                                         0x52 (size before relaxing)

.comment        0x0000000000000000       0x33
 .comment       0x0000000000000000       0x33 main.o
                                         0x34 (size before relaxing)

.ARM.attributes
                0x0000000000000000       0x2b
 .ARM.attributes
                0x0000000000000000       0x2d main.o
 .ARM.attributes
                0x000000000000002d       0x21 startup.o

.debug_frame    0x0000000000000000       0x2c
 .debug_frame   0x0000000000000000       0x2c main.o
