Archive member included to satisfy reference by file (symbol)

c:/st/stm32cubeide_1.4.0/stm32cubeide/plugins/com.st.stm32cube.ide.mcu.externaltools.gnu-tools-for-stm32.7-2018-q2-update.win32_1.4.0.202007081208/tools/bin/../lib/gcc/arm-none-eabi/7.3.1/../../../../arm-none-eabi/lib/thumb/v7-m\libc_nano.a(lib_a-errno.o)
                              Core/Src/syscalls.o (__errno)
c:/st/stm32cubeide_1.4.0/stm32cubeide/plugins/com.st.stm32cube.ide.mcu.externaltools.gnu-tools-for-stm32.7-2018-q2-update.win32_1.4.0.202007081208/tools/bin/../lib/gcc/arm-none-eabi/7.3.1/../../../../arm-none-eabi/lib/thumb/v7-m\libc_nano.a(lib_a-exit.o)
                              c:/st/stm32cubeide_1.4.0/stm32cubeide/plugins/com.st.stm32cube.ide.mcu.externaltools.gnu-tools-for-stm32.7-2018-q2-update.win32_1.4.0.202007081208/tools/bin/../lib/gcc/arm-none-eabi/7.3.1/../../../../arm-none-eabi/lib/thumb/v7-m/crt0.o (exit)
c:/st/stm32cubeide_1.4.0/stm32cubeide/plugins/com.st.stm32cube.ide.mcu.externaltools.gnu-tools-for-stm32.7-2018-q2-update.win32_1.4.0.202007081208/tools/bin/../lib/gcc/arm-none-eabi/7.3.1/../../../../arm-none-eabi/lib/thumb/v7-m\libc_nano.a(lib_a-impure.o)
                              c:/st/stm32cubeide_1.4.0/stm32cubeide/plugins/com.st.stm32cube.ide.mcu.externaltools.gnu-tools-for-stm32.7-2018-q2-update.win32_1.4.0.202007081208/tools/bin/../lib/gcc/arm-none-eabi/7.3.1/../../../../arm-none-eabi/lib/thumb/v7-m\libc_nano.a(lib_a-exit.o) (_global_impure_ptr)
c:/st/stm32cubeide_1.4.0/stm32cubeide/plugins/com.st.stm32cube.ide.mcu.externaltools.gnu-tools-for-stm32.7-2018-q2-update.win32_1.4.0.202007081208/tools/bin/../lib/gcc/arm-none-eabi/7.3.1/../../../../arm-none-eabi/lib/thumb/v7-m\libc_nano.a(lib_a-init.o)
                              c:/st/stm32cubeide_1.4.0/stm32cubeide/plugins/com.st.stm32cube.ide.mcu.externaltools.gnu-tools-for-stm32.7-2018-q2-update.win32_1.4.0.202007081208/tools/bin/../lib/gcc/arm-none-eabi/7.3.1/../../../../arm-none-eabi/lib/thumb/v7-m/crt0.o (__libc_init_array)
c:/st/stm32cubeide_1.4.0/stm32cubeide/plugins/com.st.stm32cube.ide.mcu.externaltools.gnu-tools-for-stm32.7-2018-q2-update.win32_1.4.0.202007081208/tools/bin/../lib/gcc/arm-none-eabi/7.3.1/../../../../arm-none-eabi/lib/thumb/v7-m\libc_nano.a(lib_a-memset.o)
                              c:/st/stm32cubeide_1.4.0/stm32cubeide/plugins/com.st.stm32cube.ide.mcu.externaltools.gnu-tools-for-stm32.7-2018-q2-update.win32_1.4.0.202007081208/tools/bin/../lib/gcc/arm-none-eabi/7.3.1/../../../../arm-none-eabi/lib/thumb/v7-m/crt0.o (memset)

Allocating common symbols
Common symbol       size              file

uwTick              0x4               Drivers/STM32F1xx_HAL_Driver/stm32f1xx_hal.o
pFlash              0x20              Drivers/STM32F1xx_HAL_Driver/stm32f1xx_hal_flash.o

Discarded input sections

 .text          0x0000000000000000        0x0 c:/st/stm32cubeide_1.4.0/stm32cubeide/plugins/com.st.stm32cube.ide.mcu.externaltools.gnu-tools-for-stm32.7-2018-q2-update.win32_1.4.0.202007081208/tools/bin/../lib/gcc/arm-none-eabi/7.3.1/thumb/v7-m/crti.o
 .data          0x0000000000000000        0x0 c:/st/stm32cubeide_1.4.0/stm32cubeide/plugins/com.st.stm32cube.ide.mcu.externaltools.gnu-tools-for-stm32.7-2018-q2-update.win32_1.4.0.202007081208/tools/bin/../lib/gcc/arm-none-eabi/7.3.1/thumb/v7-m/crti.o
 .bss           0x0000000000000000        0x0 c:/st/stm32cubeide_1.4.0/stm32cubeide/plugins/com.st.stm32cube.ide.mcu.externaltools.gnu-tools-for-stm32.7-2018-q2-update.win32_1.4.0.202007081208/tools/bin/../lib/gcc/arm-none-eabi/7.3.1/thumb/v7-m/crti.o
 .data          0x0000000000000000        0x4 c:/st/stm32cubeide_1.4.0/stm32cubeide/plugins/com.st.stm32cube.ide.mcu.externaltools.gnu-tools-for-stm32.7-2018-q2-update.win32_1.4.0.202007081208/tools/bin/../lib/gcc/arm-none-eabi/7.3.1/thumb/v7-m/crtbegin.o
 .text          0x0000000000000000       0x74 c:/st/stm32cubeide_1.4.0/stm32cubeide/plugins/com.st.stm32cube.ide.mcu.externaltools.gnu-tools-for-stm32.7-2018-q2-update.win32_1.4.0.202007081208/tools/bin/../lib/gcc/arm-none-eabi/7.3.1/../../../../arm-none-eabi/lib/thumb/v7-m/crt0.o
 .data          0x0000000000000000        0x0 c:/st/stm32cubeide_1.4.0/stm32cubeide/plugins/com.st.stm32cube.ide.mcu.externaltools.gnu-tools-for-stm32.7-2018-q2-update.win32_1.4.0.202007081208/tools/bin/../lib/gcc/arm-none-eabi/7.3.1/../../../../arm-none-eabi/lib/thumb/v7-m/crt0.o
 .bss           0x0000000000000000        0x0 c:/st/stm32cubeide_1.4.0/stm32cubeide/plugins/com.st.stm32cube.ide.mcu.externaltools.gnu-tools-for-stm32.7-2018-q2-update.win32_1.4.0.202007081208/tools/bin/../lib/gcc/arm-none-eabi/7.3.1/../../../../arm-none-eabi/lib/thumb/v7-m/crt0.o
 .ARM.extab     0x0000000000000000        0x0 c:/st/stm32cubeide_1.4.0/stm32cubeide/plugins/com.st.stm32cube.ide.mcu.externaltools.gnu-tools-for-stm32.7-2018-q2-update.win32_1.4.0.202007081208/tools/bin/../lib/gcc/arm-none-eabi/7.3.1/../../../../arm-none-eabi/lib/thumb/v7-m/crt0.o
[...]
Memory Configuration

Name             Origin             Length             Attributes
RAM              0x0000000020000000 0x0000000000002800 xrw
FLASH            0x0000000008000000 0x0000000000008000 xr
*default*        0x0000000000000000 0xffffffffffffffff

Linker script and memory map

LOAD c:/st/stm32cubeide_1.4.0/stm32cubeide/plugins/com.st.stm32cube.ide.mcu.externaltools.gnu-tools-for-stm32.7-2018-q2-update.win32_1.4.0.202007081208/tools/bin/../lib/gcc/arm-none-eabi/7.3.1/thumb/v7-m/crti.o
LOAD c:/st/stm32cubeide_1.4.0/stm32cubeide/plugins/com.st.stm32cube.ide.mcu.externaltools.gnu-tools-for-stm32.7-2018-q2-update.win32_1.4.0.202007081208/tools/bin/../lib/gcc/arm-none-eabi/7.3.1/thumb/v7-m/crtbegin.o
LOAD c:/st/stm32cubeide_1.4.0/stm32cubeide/plugins/com.st.stm32cube.ide.mcu.externaltools.gnu-tools-for-stm32.7-2018-q2-update.win32_1.4.0.202007081208/tools/bin/../lib/gcc/arm-none-eabi/7.3.1/../../../../arm-none-eabi/lib/thumb/v7-m/crt0.o
LOAD Core/Src/main.o
LOAD Core/Src/stm32f1xx_hal_msp.o
LOAD Core/Src/stm32f1xx_it.o
LOAD Core/Src/syscalls.o
LOAD Core/Src/sysmem.o
LOAD Core/Src/system_stm32f1xx.o
LOAD Core/Startup/startup_stm32f103c6ux.o
LOAD Drivers/STM32F1xx_HAL_Driver/stm32f1xx_hal.o
LOAD Drivers/STM32F1xx_HAL_Driver/stm32f1xx_hal_cortex.o
LOAD Drivers/STM32F1xx_HAL_Driver/stm32f1xx_hal_dma.o
LOAD Drivers/STM32F1xx_HAL_Driver/stm32f1xx_hal_exti.o
LOAD Drivers/STM32F1xx_HAL_Driver/stm32f1xx_hal_flash.o
LOAD Drivers/STM32F1xx_HAL_Driver/stm32f1xx_hal_flash_ex.o
LOAD Drivers/STM32F1xx_HAL_Driver/stm32f1xx_hal_gpio.o
LOAD Drivers/STM32F1xx_HAL_Driver/stm32f1xx_hal_gpio_ex.o
LOAD Drivers/STM32F1xx_HAL_Driver/stm32f1xx_hal_pwr.o
LOAD Drivers/STM32F1xx_HAL_Driver/stm32f1xx_hal_rcc.o
LOAD Drivers/STM32F1xx_HAL_Driver/stm32f1xx_hal_rcc_ex.o
LOAD Drivers/STM32F1xx_HAL_Driver/stm32f1xx_hal_tim.o
LOAD Drivers/STM32F1xx_HAL_Driver/stm32f1xx_hal_tim_ex.o
START GROUP
LOAD c:/st/stm32cubeide_1.4.0/stm32cubeide/plugins/com.st.stm32cube.ide.mcu.externaltools.gnu-tools-for-stm32.7-2018-q2-update.win32_1.4.0.202007081208/tools/bin/../lib/gcc/arm-none-eabi/7.3.1/../../../../arm-none-eabi/lib/thumb/v7-m\libc_nano.a
LOAD c:/st/stm32cubeide_1.4.0/stm32cubeide/plugins/com.st.stm32cube.ide.mcu.externaltools.gnu-tools-for-stm32.7-2018-q2-update.win32_1.4.0.202007081208/tools/bin/../lib/gcc/arm-none-eabi/7.3.1/../../../../arm-none-eabi/lib/thumb/v7-m\libm.a
END GROUP
START GROUP
LOAD c:/st/stm32cubeide_1.4.0/stm32cubeide/plugins/com.st.stm32cube.ide.mcu.externaltools.gnu-tools-for-stm32.7-2018-q2-update.win32_1.4.0.202007081208/tools/bin/../lib/gcc/arm-none-eabi/7.3.1/thumb/v7-m\libgcc.a
LOAD c:/st/stm32cubeide_1.4.0/stm32cubeide/plugins/com.st.stm32cube.ide.mcu.externaltools.gnu-tools-for-stm32.7-2018-q2-update.win32_1.4.0.202007081208/tools/bin/../lib/gcc/arm-none-eabi/7.3.1/../../../../arm-none-eabi/lib/thumb/v7-m\libc_nano.a
END GROUP
START GROUP
LOAD c:/st/stm32cubeide_1.4.0/stm32cubeide/plugins/com.st.stm32cube.ide.mcu.externaltools.gnu-tools-for-stm32.7-2018-q2-update.win32_1.4.0.202007081208/tools/bin/../lib/gcc/arm-none-eabi/7.3.1/thumb/v7-m\libgcc.a
LOAD c:/st/stm32cubeide_1.4.0/stm32cubeide/plugins/com.st.stm32cube.ide.mcu.externaltools.gnu-tools-for-stm32.7-2018-q2-update.win32_1.4.0.202007081208/tools/bin/../lib/gcc/arm-none-eabi/7.3.1/../../../../arm-none-eabi/lib/thumb/v7-m\libc_nano.a
LOAD c:/st/stm32cubeide_1.4.0/stm32cubeide/plugins/com.st.stm32cube.ide.mcu.externaltools.gnu-tools-for-stm32.7-2018-q2-update.win32_1.4.0.202007081208/tools/bin/../lib/gcc/arm-none-eabi/7.3.1/../../../../arm-none-eabi/lib/thumb/v7-m\libnosys.a
END GROUP
START GROUP
LOAD c:/st/stm32cubeide_1.4.0/stm32cubeide/plugins/com.st.stm32cube.ide.mcu.externaltools.gnu-tools-for-stm32.7-2018-q2-update.win32_1.4.0.202007081208/tools/bin/../lib/gcc/arm-none-eabi/7.3.1/thumb/v7-m\libgcc.a
LOAD c:/st/stm32cubeide_1.4.0/stm32cubeide/plugins/com.st.stm32cube.ide.mcu.externaltools.gnu-tools-for-stm32.7-2018-q2-update.win32_1.4.0.202007081208/tools/bin/../lib/gcc/arm-none-eabi/7.3.1/../../../../arm-none-eabi/lib/thumb/v7-m\libc_nano.a
LOAD c:/st/stm32cubeide_1.4.0/stm32cubeide/plugins/com.st.stm32cube.ide.mcu.externaltools.gnu-tools-for-stm32.7-2018-q2-update.win32_1.4.0.202007081208/tools/bin/../lib/gcc/arm-none-eabi/7.3.1/../../../../arm-none-eabi/lib/thumb/v7-m\libnosys.a
END GROUP
LOAD c:/st/stm32cubeide_1.4.0/stm32cubeide/plugins/com.st.stm32cube.ide.mcu.externaltools.gnu-tools-for-stm32.7-2018-q2-update.win32_1.4.0.202007081208/tools/bin/../lib/gcc/arm-none-eabi/7.3.1/thumb/v7-m/crtend.o
LOAD c:/st/stm32cubeide_1.4.0/stm32cubeide/plugins/com.st.stm32cube.ide.mcu.externaltools.gnu-tools-for-stm32.7-2018-q2-update.win32_1.4.0.202007081208/tools/bin/../lib/gcc/arm-none-eabi/7.3.1/thumb/v7-m/crtn.o
                0x0000000020002800                _estack = (ORIGIN (RAM) + LENGTH (RAM))
                0x0000000000000200                _Min_Heap_Size = 0x200
                0x0000000000000400                _Min_Stack_Size = 0x400

.isr_vector     0x0000000008000000      0x10c
                0x0000000008000000                . = ALIGN (0x4)
 *(.isr_vector)
 .isr_vector    0x0000000008000000      0x10c Core/Startup/startup_stm32f103c6ux.o
                0x0000000008000000                g_pfnVectors
                0x000000000800010c                . = ALIGN (0x4)

.text           0x000000000800010c      0x1ec
                0x000000000800010c                . = ALIGN (0x4)
 *(.text)
 .text          0x000000000800010c       0x40 c:/st/stm32cubeide_1.4.0/stm32cubeide/plugins/com.st.stm32cube.ide.mcu.externaltools.gnu-tools-for-stm32.7-2018-q2-update.win32_1.4.0.202007081208/tools/bin/../lib/gcc/arm-none-eabi/7.3.1/thumb/v7-m/crtbegin.o
 *(.text*)
 .text.main     0x000000000800014c       0x7c Core/Src/main.o
                0x000000000800014c                main
 .text.NMI_Handler
                0x00000000080001c8        0xc Core/Src/stm32f1xx_it.o
                0x00000000080001c8                NMI_Handler
 .text.HardFault_Handler
                0x00000000080001d4        0x6 Core/Src/stm32f1xx_it.o
                0x00000000080001d4                HardFault_Handler
 .text.MemManage_Handler
                0x00000000080001da        0x6 Core/Src/stm32f1xx_it.o
                0x00000000080001da                MemManage_Handler
 .text.BusFault_Handler
                0x00000000080001e0        0x6 Core/Src/stm32f1xx_it.o
                0x00000000080001e0                BusFault_Handler
 .text.UsageFault_Handler
                0x00000000080001e6        0x6 Core/Src/stm32f1xx_it.o
                0x00000000080001e6                UsageFault_Handler
 .text.SVC_Handler
                0x00000000080001ec        0xc Core/Src/stm32f1xx_it.o
                0x00000000080001ec                SVC_Handler
 .text.DebugMon_Handler
                0x00000000080001f8        0xc Core/Src/stm32f1xx_it.o
                0x00000000080001f8                DebugMon_Handler
 .text.PendSV_Handler
                0x0000000008000204        0xc Core/Src/stm32f1xx_it.o
                0x0000000008000204                PendSV_Handler
 .text.SysTick_Handler
                0x0000000008000210        0xc Core/Src/stm32f1xx_it.o
                0x0000000008000210                SysTick_Handler
 .text.SystemInit
                0x000000000800021c        0xc Core/Src/system_stm32f1xx.o
                0x000000000800021c                SystemInit
 .text.Reset_Handler
                0x0000000008000228       0x48 Core/Startup/startup_stm32f103c6ux.o
                0x0000000008000228                Reset_Handler
 .text.Default_Handler
                0x0000000008000270        0x2 Core/Startup/startup_stm32f103c6ux.o
                0x0000000008000270                RTC_Alarm_IRQHandler
                0x0000000008000270                EXTI2_IRQHandler
                0x0000000008000270                TIM1_CC_IRQHandler
                0x0000000008000270                PVD_IRQHandler
                0x0000000008000270                EXTI3_IRQHandler
                0x0000000008000270                EXTI0_IRQHandler
                0x0000000008000270                ADC1_2_IRQHandler
                0x0000000008000270                SPI1_IRQHandler
                0x0000000008000270                TAMPER_IRQHandler
                0x0000000008000270                DMA1_Channel4_IRQHandler
                0x0000000008000270                RTC_IRQHandler
                0x0000000008000270                DMA1_Channel7_IRQHandler
                0x0000000008000270                CAN1_RX1_IRQHandler
                0x0000000008000270                I2C1_EV_IRQHandler
                0x0000000008000270                DMA1_Channel6_IRQHandler
                0x0000000008000270                TIM3_IRQHandler
                0x0000000008000270                RCC_IRQHandler
                0x0000000008000270                TIM1_TRG_COM_IRQHandler
                0x0000000008000270                DMA1_Channel1_IRQHandler
                0x0000000008000270                Default_Handler
                0x0000000008000270                EXTI15_10_IRQHandler
                0x0000000008000270                EXTI9_5_IRQHandler
                0x0000000008000270                DMA1_Channel5_IRQHandler
                0x0000000008000270                EXTI4_IRQHandler
                0x0000000008000270                USB_LP_CAN1_RX0_IRQHandler
                0x0000000008000270                USB_HP_CAN1_TX_IRQHandler
                0x0000000008000270                DMA1_Channel3_IRQHandler
                0x0000000008000270                TIM1_UP_IRQHandler
                0x0000000008000270                WWDG_IRQHandler
                0x0000000008000270                TIM2_IRQHandler
                0x0000000008000270                TIM1_BRK_IRQHandler
                0x0000000008000270                EXTI1_IRQHandler
                0x0000000008000270                USART2_IRQHandler
                0x0000000008000270                DMA1_Channel2_IRQHandler
                0x0000000008000270                CAN1_SCE_IRQHandler
                0x0000000008000270                FLASH_IRQHandler
                0x0000000008000270                USART1_IRQHandler
                0x0000000008000270                I2C1_ER_IRQHandler
                0x0000000008000270                USBWakeUp_IRQHandler
 *fill*         0x0000000008000272        0x2 
 .text.HAL_IncTick
                0x0000000008000274       0x24 Drivers/STM32F1xx_HAL_Driver/stm32f1xx_hal.o
                0x0000000008000274                HAL_IncTick
 .text.__libc_init_array
                0x0000000008000298       0x48 c:/st/stm32cubeide_1.4.0/stm32cubeide/plugins/com.st.stm32cube.ide.mcu.externaltools.gnu-tools-for-stm32.7-2018-q2-update.win32_1.4.0.202007081208/tools/bin/../lib/gcc/arm-none-eabi/7.3.1/../../../../arm-none-eabi/lib/thumb/v7-m\libc_nano.a(lib_a-init.o)
                0x0000000008000298                __libc_init_array
 *(.glue_7)
 .glue_7        0x00000000080002e0        0x0 linker stubs
 *(.glue_7t)
 .glue_7t       0x00000000080002e0        0x0 linker stubs
 *(.eh_frame)
 .eh_frame      0x00000000080002e0        0x0 c:/st/stm32cubeide_1.4.0/stm32cubeide/plugins/com.st.stm32cube.ide.mcu.externaltools.gnu-tools-for-stm32.7-2018-q2-update.win32_1.4.0.202007081208/tools/bin/../lib/gcc/arm-none-eabi/7.3.1/thumb/v7-m/crtbegin.o
 *(.init)
 .init          0x00000000080002e0        0x4 c:/st/stm32cubeide_1.4.0/stm32cubeide/plugins/com.st.stm32cube.ide.mcu.externaltools.gnu-tools-for-stm32.7-2018-q2-update.win32_1.4.0.202007081208/tools/bin/../lib/gcc/arm-none-eabi/7.3.1/thumb/v7-m/crti.o
                0x00000000080002e0                _init
 .init          0x00000000080002e4        0x8 c:/st/stm32cubeide_1.4.0/stm32cubeide/plugins/com.st.stm32cube.ide.mcu.externaltools.gnu-tools-for-stm32.7-2018-q2-update.win32_1.4.0.202007081208/tools/bin/../lib/gcc/arm-none-eabi/7.3.1/thumb/v7-m/crtn.o
 *(.fini)
 .fini          0x00000000080002ec        0x4 c:/st/stm32cubeide_1.4.0/stm32cubeide/plugins/com.st.stm32cube.ide.mcu.externaltools.gnu-tools-for-stm32.7-2018-q2-update.win32_1.4.0.202007081208/tools/bin/../lib/gcc/arm-none-eabi/7.3.1/thumb/v7-m/crti.o
                0x00000000080002ec                _fini
 .fini          0x00000000080002f0        0x8 c:/st/stm32cubeide_1.4.0/stm32cubeide/plugins/com.st.stm32cube.ide.mcu.externaltools.gnu-tools-for-stm32.7-2018-q2-update.win32_1.4.0.202007081208/tools/bin/../lib/gcc/arm-none-eabi/7.3.1/thumb/v7-m/crtn.o
                0x00000000080002f8                . = ALIGN (0x4)
                0x00000000080002f8                _etext = .

.vfp11_veneer   0x00000000080002f8        0x0
 .vfp11_veneer  0x00000000080002f8        0x0 linker stubs

.v4_bx          0x00000000080002f8        0x0
 .v4_bx         0x00000000080002f8        0x0 linker stubs

.iplt           0x00000000080002f8        0x0
 .iplt          0x00000000080002f8        0x0 c:/st/stm32cubeide_1.4.0/stm32cubeide/plugins/com.st.stm32cube.ide.mcu.externaltools.gnu-tools-for-stm32.7-2018-q2-update.win32_1.4.0.202007081208/tools/bin/../lib/gcc/arm-none-eabi/7.3.1/thumb/v7-m/crtbegin.o

.rel.dyn        0x00000000080002f8        0x0
 .rel.iplt      0x00000000080002f8        0x0 c:/st/stm32cubeide_1.4.0/stm32cubeide/plugins/com.st.stm32cube.ide.mcu.externaltools.gnu-tools-for-stm32.7-2018-q2-update.win32_1.4.0.202007081208/tools/bin/../lib/gcc/arm-none-eabi/7.3.1/thumb/v7-m/crtbegin.o

.rodata         0x00000000080002f8        0x0
                0x00000000080002f8                . = ALIGN (0x4)
 *(.rodata)
 *(.rodata*)
                0x00000000080002f8                . = ALIGN (0x4)

.ARM.extab      0x00000000080002f8        0x0
                0x00000000080002f8                . = ALIGN (0x4)
 *(.ARM.extab* .gnu.linkonce.armextab.*)
                0x00000000080002f8                . = ALIGN (0x4)

.ARM            0x00000000080002f8        0x0
                0x00000000080002f8                . = ALIGN (0x4)
                0x00000000080002f8                __exidx_start = .
 *(.ARM.exidx*)
                0x00000000080002f8                __exidx_end = .
                0x00000000080002f8                . = ALIGN (0x4)

.preinit_array  0x00000000080002f8        0x0
                0x00000000080002f8                . = ALIGN (0x4)
                0x00000000080002f8                PROVIDE (__preinit_array_start = .)
 *(.preinit_array*)
                0x00000000080002f8                PROVIDE (__preinit_array_end = .)
                0x00000000080002f8                . = ALIGN (0x4)

.init_array     0x00000000080002f8        0x4
                0x00000000080002f8                . = ALIGN (0x4)
                0x00000000080002f8                PROVIDE (__init_array_start = .)
 *(SORT_BY_NAME(.init_array.*))
 *(.init_array*)
 .init_array    0x00000000080002f8        0x4 c:/st/stm32cubeide_1.4.0/stm32cubeide/plugins/com.st.stm32cube.ide.mcu.externaltools.gnu-tools-for-stm32.7-2018-q2-update.win32_1.4.0.202007081208/tools/bin/../lib/gcc/arm-none-eabi/7.3.1/thumb/v7-m/crtbegin.o
                0x00000000080002fc                PROVIDE (__init_array_end = .)
                0x00000000080002fc                . = ALIGN (0x4)

.fini_array     0x00000000080002fc        0x4
                0x00000000080002fc                . = ALIGN (0x4)
                [!provide]                        PROVIDE (__fini_array_start = .)
 *(SORT_BY_NAME(.fini_array.*))
 *(.fini_array*)
 .fini_array    0x00000000080002fc        0x4 c:/st/stm32cubeide_1.4.0/stm32cubeide/plugins/com.st.stm32cube.ide.mcu.externaltools.gnu-tools-for-stm32.7-2018-q2-update.win32_1.4.0.202007081208/tools/bin/../lib/gcc/arm-none-eabi/7.3.1/thumb/v7-m/crtbegin.o
                [!provide]                        PROVIDE (__fini_array_end = .)
                0x0000000008000300                . = ALIGN (0x4)
                0x0000000008000300                _sidata = LOADADDR (.data)

.data           0x0000000020000000        0x8 load address 0x0000000008000300
                0x0000000020000000                . = ALIGN (0x4)
                0x0000000020000000                _sdata = .
 *(.data)
 *(.data*)
 .data.R_ODR    0x0000000020000000        0x4 Core/Src/main.o
                0x0000000020000000                R_ODR
 .data.uwTickFreq
                0x0000000020000004        0x1 Drivers/STM32F1xx_HAL_Driver/stm32f1xx_hal.o
                0x0000000020000004                uwTickFreq
                0x0000000020000008                . = ALIGN (0x4)
 *fill*         0x0000000020000005        0x3 
                0x0000000020000008                _edata = .

.igot.plt       0x0000000020000008        0x0 load address 0x0000000008000308
 .igot.plt      0x0000000020000008        0x0 c:/st/stm32cubeide_1.4.0/stm32cubeide/plugins/com.st.stm32cube.ide.mcu.externaltools.gnu-tools-for-stm32.7-2018-q2-update.win32_1.4.0.202007081208/tools/bin/../lib/gcc/arm-none-eabi/7.3.1/thumb/v7-m/crtbegin.o
                0x0000000020000008                . = ALIGN (0x4)

.bss            0x0000000020000008       0x20 load address 0x0000000008000308
                0x0000000020000008                _sbss = .
                0x0000000020000008                __bss_start__ = _sbss
 *(.bss)
 .bss           0x0000000020000008       0x1c c:/st/stm32cubeide_1.4.0/stm32cubeide/plugins/com.st.stm32cube.ide.mcu.externaltools.gnu-tools-for-stm32.7-2018-q2-update.win32_1.4.0.202007081208/tools/bin/../lib/gcc/arm-none-eabi/7.3.1/thumb/v7-m/crtbegin.o
 *(.bss*)
 *(COMMON)
 COMMON         0x0000000020000024        0x4 Drivers/STM32F1xx_HAL_Driver/stm32f1xx_hal.o
                0x0000000020000024                uwTick
                0x0000000020000028                . = ALIGN (0x4)
                0x0000000020000028                _ebss = .
                0x0000000020000028                __bss_end__ = _ebss

._user_heap_stack
                0x0000000020000028      0x600 load address 0x0000000008000308
                0x0000000020000028                . = ALIGN (0x8)
                [!provide]                        PROVIDE (end = .)
                0x0000000020000028                PROVIDE (_end = .)
                0x0000000020000228                . = (. + _Min_Heap_Size)
 *fill*         0x0000000020000028      0x200 
                0x0000000020000628                . = (. + _Min_Stack_Size)
 *fill*         0x0000000020000228      0x400 
                0x0000000020000628                . = ALIGN (0x8)

/DISCARD/
 libc.a(*)
 libm.a(*)
 libgcc.a(*)

.ARM.attributes
                0x0000000000000000       0x29
 *(.ARM.attributes)
 .ARM.attributes
                0x0000000000000000       0x1d c:/st/stm32cubeide_1.4.0/stm32cubeide/plugins/com.st.stm32cube.ide.mcu.externaltools.gnu-tools-for-stm32.7-2018-q2-update.win32_1.4.0.202007081208/tools/bin/../lib/gcc/arm-none-eabi/7.3.1/thumb/v7-m/crti.o
 .ARM.attributes
                0x000000000000001d       0x2d c:/st/stm32cubeide_1.4.0/stm32cubeide/plugins/com.st.stm32cube.ide.mcu.externaltools.gnu-tools-for-stm32.7-2018-q2-update.win32_1.4.0.202007081208/tools/bin/../lib/gcc/arm-none-eabi/7.3.1/thumb/v7-m/crtbegin.o
 .ARM.attributes
                0x000000000000004a       0x33 Core/Src/main.o
 .ARM.attributes
                0x000000000000007d       0x33 Core/Src/stm32f1xx_it.o
 .ARM.attributes
                0x00000000000000b0       0x33 Core/Src/system_stm32f1xx.o
 .ARM.attributes
                0x00000000000000e3       0x21 Core/Startup/startup_stm32f103c6ux.o
 .ARM.attributes
                0x0000000000000104       0x33 Drivers/STM32F1xx_HAL_Driver/stm32f1xx_hal.o
 .ARM.attributes
                0x0000000000000137       0x2d c:/st/stm32cubeide_1.4.0/stm32cubeide/plugins/com.st.stm32cube.ide.mcu.externaltools.gnu-tools-for-stm32.7-2018-q2-update.win32_1.4.0.202007081208/tools/bin/../lib/gcc/arm-none-eabi/7.3.1/../../../../arm-none-eabi/lib/thumb/v7-m\libc_nano.a(lib_a-init.o)
 .ARM.attributes
                0x0000000000000164       0x1d c:/st/stm32cubeide_1.4.0/stm32cubeide/plugins/com.st.stm32cube.ide.mcu.externaltools.gnu-tools-for-stm32.7-2018-q2-update.win32_1.4.0.202007081208/tools/bin/../lib/gcc/arm-none-eabi/7.3.1/thumb/v7-m/crtn.o
OUTPUT(lab1.elf elf32-littlearm)

.debug_info     0x0000000000000000      0xdf0
 .debug_info    0x0000000000000000      0x234 Core/Src/main.o
 .debug_info    0x0000000000000234      0x20a Core/Src/stm32f1xx_it.o
 .debug_info    0x000000000000043e      0x29a Core/Src/system_stm32f1xx.o
 .debug_info    0x00000000000006d8       0x22 Core/Startup/startup_stm32f103c6ux.o
 .debug_info    0x00000000000006fa      0x6f6 Drivers/STM32F1xx_HAL_Driver/stm32f1xx_hal.o

.debug_abbrev   0x0000000000000000      0x4fc
 .debug_abbrev  0x0000000000000000      0x129 Core/Src/main.o
 .debug_abbrev  0x0000000000000129       0xc6 Core/Src/stm32f1xx_it.o
 .debug_abbrev  0x00000000000001ef      0x134 Core/Src/system_stm32f1xx.o
 .debug_abbrev  0x0000000000000323       0x12 Core/Startup/startup_stm32f103c6ux.o
 .debug_abbrev  0x0000000000000335      0x1c7 Drivers/STM32F1xx_HAL_Driver/stm32f1xx_hal.o

.debug_aranges  0x0000000000000000      0x1b0
 .debug_aranges
                0x0000000000000000       0x20 Core/Src/main.o
 .debug_aranges
                0x0000000000000020       0x60 Core/Src/stm32f1xx_it.o
 .debug_aranges
                0x0000000000000080       0x28 Core/Src/system_stm32f1xx.o
 .debug_aranges
                0x00000000000000a8       0x28 Core/Startup/startup_stm32f103c6ux.o
 .debug_aranges
                0x00000000000000d0       0xe0 Drivers/STM32F1xx_HAL_Driver/stm32f1xx_hal.o

.debug_ranges   0x0000000000000000      0x168
 .debug_ranges  0x0000000000000000       0x10 Core/Src/main.o
 .debug_ranges  0x0000000000000010       0x50 Core/Src/stm32f1xx_it.o
 .debug_ranges  0x0000000000000060       0x18 Core/Src/system_stm32f1xx.o
 .debug_ranges  0x0000000000000078       0x20 Core/Startup/startup_stm32f103c6ux.o
 .debug_ranges  0x0000000000000098       0xd0 Drivers/STM32F1xx_HAL_Driver/stm32f1xx_hal.o

.debug_macro    0x0000000000000000    0x14e36
 .debug_macro   0x0000000000000000      0x1b7 Core/Src/main.o
 .debug_macro   0x00000000000001b7      0xa5a Core/Src/main.o
 .debug_macro   0x0000000000000c11      0x209 Core/Src/main.o
 .debug_macro   0x0000000000000e1a       0x2e Core/Src/main.o
 .debug_macro   0x0000000000000e48       0x22 Core/Src/main.o
 .debug_macro   0x0000000000000e6a       0x22 Core/Src/main.o
 .debug_macro   0x0000000000000e8c       0x8e Core/Src/main.o
 .debug_macro   0x0000000000000f1a       0x51 Core/Src/main.o
 .debug_macro   0x0000000000000f6b       0xef Core/Src/main.o
 .debug_macro   0x000000000000105a       0x6a Core/Src/main.o
 .debug_macro   0x00000000000010c4      0x1df Core/Src/main.o
 .debug_macro   0x00000000000012a3       0x1c Core/Src/main.o
 .debug_macro   0x00000000000012bf       0x22 Core/Src/main.o
 .debug_macro   0x00000000000012e1       0xc3 Core/Src/main.o
 .debug_macro   0x00000000000013a4      0xd23 Core/Src/main.o
 .debug_macro   0x00000000000020c7     0xde75 Core/Src/main.o
 .debug_macro   0x000000000000ff3c       0x6d Core/Src/main.o
 .debug_macro   0x000000000000ffa9     0x3468 Core/Src/main.o
 .debug_macro   0x0000000000013411      0x174 Core/Src/main.o
 .debug_macro   0x0000000000013585       0x5c Core/Src/main.o
 .debug_macro   0x00000000000135e1      0x5be Core/Src/main.o
 .debug_macro   0x0000000000013b9f      0x1b7 Core/Src/main.o
 .debug_macro   0x0000000000013d56      0x1cb Core/Src/main.o
 .debug_macro   0x0000000000013f21      0x114 Core/Src/main.o
 .debug_macro   0x0000000000014035      0x1b2 Core/Src/main.o
 .debug_macro   0x00000000000141e7       0x27 Core/Src/main.o
 .debug_macro   0x000000000001420e      0x12f Core/Src/main.o
 .debug_macro   0x000000000001433d      0x1bc Core/Src/main.o
 .debug_macro   0x00000000000144f9       0x34 Core/Src/main.o
 .debug_macro   0x000000000001452d       0x3c Core/Src/main.o
 .debug_macro   0x0000000000014569       0x57 Core/Src/main.o
 .debug_macro   0x00000000000145c0       0x88 Core/Src/main.o
 .debug_macro   0x0000000000014648      0x183 Core/Src/main.o
 .debug_macro   0x00000000000147cb      0x141 Core/Src/main.o
 .debug_macro   0x000000000001490c       0x69 Core/Src/main.o
 .debug_macro   0x0000000000014975      0x197 Core/Src/stm32f1xx_it.o
 .debug_macro   0x0000000000014b0c      0x183 Core/Src/system_stm32f1xx.o
 .debug_macro   0x0000000000014c8f      0x1a7 Drivers/STM32F1xx_HAL_Driver/stm32f1xx_hal.o

.debug_line     0x0000000000000000     0x1fe0
 .debug_line    0x0000000000000000      0x729 Core/Src/main.o
 .debug_line    0x0000000000000729      0x7be Core/Src/stm32f1xx_it.o
 .debug_line    0x0000000000000ee7      0x742 Core/Src/system_stm32f1xx.o
 .debug_line    0x0000000000001629       0x87 Core/Startup/startup_stm32f103c6ux.o
 .debug_line    0x00000000000016b0      0x930 Drivers/STM32F1xx_HAL_Driver/stm32f1xx_hal.o

.debug_str      0x0000000000000000    0x78ca7
 .debug_str     0x0000000000000000    0x78581 Core/Src/main.o
                                      0x788af (size before relaxing)
 .debug_str     0x0000000000078581       0xbd Core/Src/stm32f1xx_it.o
                                      0x78823 (size before relaxing)
 .debug_str     0x000000000007863e       0x91 Core/Src/system_stm32f1xx.o
                                      0x787f3 (size before relaxing)
 .debug_str     0x00000000000786cf       0x36 Core/Startup/startup_stm32f103c6ux.o
                                         0x5b (size before relaxing)
 .debug_str     0x0000000000078705      0x5a2 Drivers/STM32F1xx_HAL_Driver/stm32f1xx_hal.o
                                      0x78e85 (size before relaxing)

.comment        0x0000000000000000       0x7b
 .comment       0x0000000000000000       0x7b Core/Src/main.o
                                         0x7c (size before relaxing)
 .comment       0x000000000000007b       0x7c Core/Src/stm32f1xx_it.o
 .comment       0x000000000000007b       0x7c Core/Src/system_stm32f1xx.o
 .comment       0x000000000000007b       0x7c Drivers/STM32F1xx_HAL_Driver/stm32f1xx_hal.o

.debug_frame    0x0000000000000000      0x4f0
 .debug_frame   0x0000000000000000       0x2c Core/Src/main.o
 .debug_frame   0x000000000000002c      0x10c Core/Src/stm32f1xx_it.o
 .debug_frame   0x0000000000000138       0x58 Core/Src/system_stm32f1xx.o
 .debug_frame   0x0000000000000190      0x334 Drivers/STM32F1xx_HAL_Driver/stm32f1xx_hal.o
 .debug_frame   0x00000000000004c4       0x2c c:/st/stm32cubeide_1.4.0/stm32cubeide/plugins/com.st.stm32cube.ide.mcu.externaltools.gnu-tools-for-stm32.7-2018-q2-update.win32_1.4.0.202007081208/tools/bin/../lib/gcc/arm-none-eabi/7.3.1/../../../../arm-none-eabi/lib/thumb/v7-m\libc_nano.a(lib_a-init.o)
