
Memory Configuration

Name             Origin             Length             Attributes
Mem              0x0000000000000000 0x0000000004000000 xrw
*default*        0x0000000000000000 0xffffffffffffffff

Linker script and memory map

                0x0000000000010000                . = 0x10000

.startup        0x0000000000010000       0x10
 startup.o(.text)
 .text          0x0000000000010000       0x10 startup.o
                0x0000000000010000                reset

.text           0x0000000000010010       0x74
 *(.text)
 .text          0x0000000000010010       0x1c app.o
                0x0000000000010010                main
 .text          0x000000000001002c       0x58 uart.o
                0x000000000001002c                Uart_Send_string
 *(.rodata)

.glue_7         0x0000000000010084        0x0
 .glue_7        0x0000000000010084        0x0 linker stubs

.glue_7t        0x0000000000010084        0x0
 .glue_7t       0x0000000000010084        0x0 linker stubs

.vfp11_veneer   0x0000000000010084        0x0
 .vfp11_veneer  0x0000000000010084        0x0 linker stubs

.v4_bx          0x0000000000010084        0x0
 .v4_bx         0x0000000000010084        0x0 linker stubs

.iplt           0x0000000000010084        0x0
 .iplt          0x0000000000010084        0x0 startup.o

.rel.dyn        0x0000000000010084        0x0
 .rel.iplt      0x0000000000010084        0x0 startup.o

.data           0x0000000000010084       0x64
 *(.data)
 .data          0x0000000000010084        0x0 startup.o
 .data          0x0000000000010084       0x64 app.o
                0x0000000000010084                string_buffer
 .data          0x00000000000100e8        0x0 uart.o

.igot.plt       0x00000000000100e8        0x0
 .igot.plt      0x00000000000100e8        0x0 startup.o

.bss            0x00000000000100e8        0x0
 *(.bss)
 .bss           0x00000000000100e8        0x0 startup.o
 .bss           0x00000000000100e8        0x0 app.o
 .bss           0x00000000000100e8        0x0 uart.o
 *(COMMON)
                0x00000000000110e8                . = (. + 0x1000)
                0x00000000000110e8                stack_top = .
LOAD startup.o
LOAD app.o
LOAD uart.o
OUTPUT(learn-in-depth.elf elf32-littlearm)
LOAD linker stubs

.ARM.attributes
                0x0000000000000000       0x2e
 .ARM.attributes
                0x0000000000000000       0x22 startup.o
 .ARM.attributes
                0x0000000000000022       0x2c app.o
 .ARM.attributes
                0x000000000000004e       0x2c uart.o

.comment        0x0000000000000000       0x33
 .comment       0x0000000000000000       0x33 app.o
                                         0x34 (size before relaxing)
 .comment       0x0000000000000033       0x34 uart.o

.debug_line     0x0000000000000000       0xc3
 .debug_line    0x0000000000000000       0x3a startup.o
 .debug_line    0x000000000000003a       0x3b app.o
 .debug_line    0x0000000000000075       0x4e uart.o

.debug_info     0x0000000000000000       0xe7
 .debug_info    0x0000000000000000       0x26 startup.o
 .debug_info    0x0000000000000026       0x68 app.o
 .debug_info    0x000000000000008e       0x59 uart.o

.debug_abbrev   0x0000000000000000       0xc7
 .debug_abbrev  0x0000000000000000       0x14 startup.o
 .debug_abbrev  0x0000000000000014       0x5e app.o
 .debug_abbrev  0x0000000000000072       0x55 uart.o

.debug_aranges  0x0000000000000000       0x60
 .debug_aranges
                0x0000000000000000       0x20 startup.o
 .debug_aranges
                0x0000000000000020       0x20 app.o
 .debug_aranges
                0x0000000000000040       0x20 uart.o

.debug_str      0x0000000000000000      0x107
 .debug_str     0x0000000000000000       0x52 startup.o
 .debug_str     0x0000000000000052       0x91 app.o
                                         0xcd (size before relaxing)
 .debug_str     0x00000000000000e3       0x24 uart.o
                                         0xcb (size before relaxing)

.debug_frame    0x0000000000000000       0x5c
 .debug_frame   0x0000000000000000       0x2c app.o
 .debug_frame   0x000000000000002c       0x30 uart.o
