
Memory Configuration

Name             Origin             Length             Attributes
FLASH            0x0000000000000000 0x0000000020000000 xr
SRAM             0x0000000020000000 0x0000000020000000 xrw
*default*        0x0000000000000000 0xffffffffffffffff

Linker script and memory map


.text           0x0000000000000000      0x138
 *(.vectors*)
 .vectors       0x0000000000000000       0x10 startup.o
                0x0000000000000000                g_p_fn_Vectors
 *(.text*)
 .text          0x0000000000000010       0x94 main.o
                0x0000000000000010                main
 .text          0x00000000000000a4       0x94 startup.o
                0x00000000000000a4                NMI_Handler
                0x00000000000000a4                H_Fault_Handler
                0x00000000000000a4                Default_Handler
                0x00000000000000b0                Reset_Handler
 *(.rodata)
                0x0000000000000138                _E_text = .

.glue_7         0x0000000000000138        0x0
 .glue_7        0x0000000000000138        0x0 linker stubs

.glue_7t        0x0000000000000138        0x0
 .glue_7t       0x0000000000000138        0x0 linker stubs

.vfp11_veneer   0x0000000000000138        0x0
 .vfp11_veneer  0x0000000000000138        0x0 linker stubs

.v4_bx          0x0000000000000138        0x0
 .v4_bx         0x0000000000000138        0x0 linker stubs

.iplt           0x0000000000000138        0x0
 .iplt          0x0000000000000138        0x0 startup.o

.rel.dyn        0x0000000000000138        0x0
 .rel.iplt      0x0000000000000138        0x0 startup.o

.data           0x0000000020000000        0x0 load address 0x0000000000000138
                0x0000000020000000                _S_data = .
 *(.data)
 .data          0x0000000020000000        0x0 main.o
 .data          0x0000000020000000        0x0 startup.o
                0x0000000020000000                . = ALIGN (0x4)
                0x0000000020000000                _E_data = .

.igot.plt       0x0000000020000000        0x0 load address 0x0000000000000138
 .igot.plt      0x0000000020000000        0x0 startup.o

.bss            0x0000000020000000      0x400 load address 0x0000000000000138
                0x0000000020000000                _S_bss = .
 *(.bss*)
 .bss           0x0000000020000000        0x0 main.o
 .bss           0x0000000020000000      0x400 startup.o
                0x0000000020000400                _E_bss = .
LOAD main.o
LOAD startup.o
OUTPUT(lab4_cortexM4.elf elf32-littlearm)
LOAD linker stubs

.debug_info     0x0000000000000000      0x265
 .debug_info    0x0000000000000000       0x9a main.o
 .debug_info    0x000000000000009a      0x1cb startup.o

.debug_abbrev   0x0000000000000000      0x166
 .debug_abbrev  0x0000000000000000       0x6d main.o
 .debug_abbrev  0x000000000000006d       0xf9 startup.o

.debug_loc      0x0000000000000000       0xb4
 .debug_loc     0x0000000000000000       0x38 main.o
 .debug_loc     0x0000000000000038       0x7c startup.o

.debug_aranges  0x0000000000000000       0x40
 .debug_aranges
                0x0000000000000000       0x20 main.o
 .debug_aranges
                0x0000000000000020       0x20 startup.o

.debug_line     0x0000000000000000      0x171
 .debug_line    0x0000000000000000       0xab main.o
 .debug_line    0x00000000000000ab       0xc6 startup.o

.debug_str      0x0000000000000000      0x184
 .debug_str     0x0000000000000000       0xf7 main.o
                                        0x110 (size before relaxing)
 .debug_str     0x00000000000000f7       0x8d startup.o
                                        0x190 (size before relaxing)

.comment        0x0000000000000000       0x33
 .comment       0x0000000000000000       0x33 main.o
                                         0x34 (size before relaxing)
 .comment       0x0000000000000033       0x34 startup.o

.ARM.attributes
                0x0000000000000000       0x2e
 .ARM.attributes
                0x0000000000000000       0x2e main.o
 .ARM.attributes
                0x000000000000002e       0x2e startup.o

.debug_frame    0x0000000000000000       0x7c
 .debug_frame   0x0000000000000000       0x2c main.o
 .debug_frame   0x000000000000002c       0x50 startup.o
